
Qiskit version: 2.1.2 

[E vs #StabStates] submitting D = 18 jobs:
                         SYSTEM = TFIM
                       periodic = False
                        #Qubits = 6
                              J = 1.0
                              h = 0.6
               #ParallelThreads = 18

                   iterate over #StabStates = [1, 2, 4, 8, 16, 32, 64]

                   reference energy = -5.7709191594344702

                   k=1  ...
                         timing=0.07s
                   --->  min=-5.23562526  mean=-5.23562526  max=-5.23562526
                   _____________________________________________________________________________________
                   k=2  ...
                         timing=0.06s
                   --->  min=-5.23562526  mean=-5.23562526  max=-5.23562526
                   _____________________________________________________________________________________
                   k=4  ...
                         timing=0.06s
                   --->  min=-5.23562526  mean=-5.23562526  max=-5.23562526
                   _____________________________________________________________________________________
                   k=8  ...
                         timing=0.09s
                   --->  min=-5.30183677  mean=-5.25993182  max=-5.24076973
                   _____________________________________________________________________________________
                   k=16  ...
                         timing=0.18s
                   --->  min=-5.37182402  mean=-5.32289540  max=-5.28513177
                   _____________________________________________________________________________________
                   k=32  ...
                         timing=0.21s
                   --->  min=-5.54634486  mean=-5.46468531  max=-5.40195889
                   _____________________________________________________________________________________
                   k=64  ...
                         timing=0.36s
                   --->  min=-5.77091916  mean=-5.77020493  max=-5.75806306
                   _____________________________________________________________________________________

                    saved data: pycliff_mit_TFIM_Lottery_20250916_144152_energy_vs_k_n6_D18_log2.csv
                   saved plots: pycliff_mit_TFIM_Lottery_20250916_144152_energy_vs_k_n6_D18_log2.pdf

                   reference energy = -5.7709191594344702
                       final energy = -5.7709191594344924
                      # target hits = 17/18
                    total wall time = 1.53s

